// Jest Snapshot v1, https://goo.gl/fbAQLP

exports[`renders correctly 1`] = `
<View
  accessible={true}
  collapsable={false}
  focusable={false}
  onClick={[Function]}
  onResponderGrant={[Function]}
  onResponderMove={[Function]}
  onResponderRelease={[Function]}
  onResponderTerminate={[Function]}
  onResponderTerminationRequest={[Function]}
  onStartShouldSetResponder={[Function]}
  style={
    Object {
      "alignItems": "center",
      "backgroundColor": "blue",
      "borderWidth": 1,
      "justifyContent": "center",
      "opacity": 1,
      "paddingVertical": 20,
    }
  }
>
  <Text
    style={
      Object {
        "color": "white",
      }
    }
  >
    Button
  </Text>
</View>
`;
